// Jest Snapshot v1, https://goo.gl/fbAQLP

exports[`Links matches snapshot 1`] = `
<nav
  className="css-azs354"
  id="links"
>
  <a
    href="/#hero"
    id="header-link-hero"
    onMouseEnter={[Function]}
    onMouseLeave={[Function]}
  >
    HOME
  </a>
  <a
    href="/#projects"
    id="header-link-projects"
    onMouseEnter={[Function]}
    onMouseLeave={[Function]}
  >
    MY PROJECTS
  </a>
  <a
    href="/#about"
    id="header-link-about"
    onMouseEnter={[Function]}
    onMouseLeave={[Function]}
  >
    ABOUT ME
  </a>
  <a
    href="#contact"
    id="header-link-contact"
  >
    CONTACT
  </a>
</nav>
`;
