// Jest Snapshot v1, https://goo.gl/fbAQLP

exports[`Links matches snapshot 1`] = `
<nav
  className="css-d2po4m"
  id="links"
>
  <a
    className="css-vurnku"
    href="/#hero"
  >
    HOME
  </a>
  <a
    className="css-vurnku"
    href="/#projects"
  >
    MY PROJECTS
  </a>
  <a
    className="css-vurnku"
    href="/#about"
  >
    ABOUT ME
  </a>
  <a
    className="css-vurnku"
    href="/#contact"
  >
    CONTACT
  </a>
</nav>
`;
