// Jest Snapshot v1, https://goo.gl/fbAQLP

exports[`EmailMe matches snapshot 1`] = `
<div
  className="css-1if8s2k"
  id="contact"
>
  <h2
    className="css-qjyand"
  >
    Headline
    <br />
  </h2>
  <p
    className="css-fukuwa"
    data-testid="content"
  >
    Content
  </p>
  <a
    className="css-9afdnw"
    href="mailto:john@doe.com"
  >
    <button
      className="css-1arr93k"
    >
      <svg
        fill="currentColor"
        height="1em"
        stroke="currentColor"
        strokeWidth="0"
        style={
          Object {
            "color": undefined,
          }
        }
        viewBox="0 0 1024 1024"
        width="1em"
        xmlns="http://www.w3.org/2000/svg"
      >
        <path
          d="M928 160H96c-17.7 0-32 14.3-32 32v640c0 17.7 14.3 32 32 32h832c17.7 0 32-14.3 32-32V192c0-17.7-14.3-32-32-32zm-80.8 108.9L531.7 514.4c-7.8 6.1-18.7 6.1-26.5 0L189.6 268.9A7.2 7.2 0 0 1 194 256h648.8a7.2 7.2 0 0 1 4.4 12.9z"
        />
      </svg>
      Click me
    </button>
  </a>
</div>
`;
