// Jest Snapshot v1, https://goo.gl/fbAQLP

exports[`Links matches snapshot 1`] = `
<div
  className="css-1ms01ui"
  id="links"
>
  <a
    href="/#hero"
    onMouseEnter={[Function]}
    onMouseLeave={[Function]}
  >
    HOME
  </a>
  <a
    href="/#projects"
    onMouseEnter={[Function]}
    onMouseLeave={[Function]}
  >
    MY PROJECTS
  </a>
  <a
    href="/#about"
    onMouseEnter={[Function]}
    onMouseLeave={[Function]}
  >
    ABOUT ME
  </a>
  <a
    href="#contact"
  >
    CONTACT
  </a>
</div>
`;
