// Jest Snapshot v1, https://goo.gl/fbAQLP

exports[`Header matches snapshot 1`] = `
<header
  className="css-dn146f"
>
  <div
    className="css-1770sze"
  >
    <div
      className="css-1tqp1zr"
    >
      <div
        className=" gatsby-image-wrapper"
        style={
          Object {
            "display": "inline-block",
            "height": undefined,
            "overflow": "hidden",
            "position": "relative",
            "width": undefined,
          }
        }
      >
        <picture>
          <source />
          <img
            alt=""
            loading="lazy"
            onLoad={[Function]}
            style={
              Object {
                "height": "100%",
                "left": 0,
                "objectFit": "cover",
                "objectPosition": "center",
                "opacity": 0,
                "position": "absolute",
                "top": 0,
                "transition": "opacity 500ms",
                "width": "100%",
              }
            }
          />
        </picture>
        <noscript
          dangerouslySetInnerHTML={
            Object {
              "__html": "<picture><source srcset=\\"undefined\\" /><img loading=\\"lazy\\" src=\\"\\" alt=\\"\\" style=\\"position:absolute;top:0;left:0;opacity:1;width:100%;height:100%;object-fit:cover;object-position:center\\"/></picture>",
            }
          }
        />
      </div>
    </div>
    <div
      className="css-16vu25q"
    />
    <div
      className="links-and-theme css-vpi35"
    >
      <nav
        className="css-1ngw6dr"
        id="links"
      >
        <a
          href="/#hero"
          id="header-link-hero"
          onMouseEnter={[Function]}
          onMouseLeave={[Function]}
        >
          HOME
        </a>
        <a
          href="/#projects"
          id="header-link-projects"
          onMouseEnter={[Function]}
          onMouseLeave={[Function]}
        >
          MY PROJECTS
        </a>
        <a
          href="/#about"
          id="header-link-about"
          onMouseEnter={[Function]}
          onMouseLeave={[Function]}
        >
          ABOUT ME
        </a>
        <a
          href="#contact"
          id="header-link-contact"
        >
          CONTACT
        </a>
      </nav>
      <div
        className="css-5h5ar0"
        onClick={[Function]}
        role="button"
      >
        <div
          className="css-1s0dqgg"
        >
          <svg
            data-testid="button-dark"
            fill="currentColor"
            height="1em"
            stroke="currentColor"
            strokeWidth="0"
            style={
              Object {
                "color": undefined,
              }
            }
            viewBox="0 0 24 24"
            width="1em"
            xmlns="http://www.w3.org/2000/svg"
          >
            <path
              d="M20.742,13.045c-0.677,0.18-1.376,0.271-2.077,0.271c-2.135,0-4.14-0.83-5.646-2.336c-2.008-2.008-2.799-4.967-2.064-7.723 c0.092-0.345-0.007-0.713-0.259-0.965C10.444,2.04,10.077,1.938,9.73,2.034C8.028,2.489,6.476,3.382,5.241,4.616 c-3.898,3.898-3.898,10.243,0,14.143c1.889,1.889,4.401,2.93,7.072,2.93c2.671,0,5.182-1.04,7.07-2.929 c1.236-1.237,2.13-2.791,2.583-4.491c0.092-0.345-0.008-0.713-0.26-0.965C21.454,13.051,21.085,12.951,20.742,13.045z M17.97,17.346c-1.511,1.511-3.52,2.343-5.656,2.343c-2.137,0-4.146-0.833-5.658-2.344c-3.118-3.119-3.118-8.195,0-11.314 c0.602-0.602,1.298-1.102,2.06-1.483c-0.222,2.885,0.814,5.772,2.89,7.848c2.068,2.069,4.927,3.12,7.848,2.891 C19.072,16.046,18.571,16.743,17.97,17.346z"
            />
          </svg>
        </div>
        <p
          className="css-iqz9nn"
        >
          Go dark
        </p>
      </div>
    </div>
    <div
      className="open-button css-1kj2cnq"
      onClick={[Function]}
      role="button"
    >
      <svg
        fill="none"
        height="1em"
        viewBox="0 0 1024 1024"
        width="1em"
        xmlns="http://www.w3.org/2000/svg"
      >
        <path
          d="M115.5 219v-38c0-9.941 8.059-18 18-18H895c9.941 0 18 8.059 18 18v38c0 9.941-8.059 18-18 18H133.5c-9.941 0-18-8.059-18-18z"
          id="top"
        />
        <path
          d="M113 531v-38c0-9.941 8.059-18 18-18h761.5c9.941 0 18 8.059 18 18v38c0 9.941-8.059 18-18 18H131c-9.941 0-18-8.059-18-18z"
          id="mid"
        />
        <path
          d="M110.5 843v-38c0-9.941 8.059-18 18-18H890c9.941 0 18 8.059 18 18v38c0 9.941-8.059 18-18 18H128.5c-9.941 0-18-8.059-18-18z"
          id="bot"
        />
      </svg>
    </div>
  </div>
</header>
`;
